goal: x ≤ x.max' y ∧ y ≤ x.max' y

query:
(define-sort Nat () Int)
(declare-const x Nat)
(assert (>= x 0))
(declare-fun |Nat.max'| (Nat Nat) Nat)
(assert (forall ((_uniq.2242 Nat)) (=> (>= _uniq.2242 0) (forall ((_uniq.2243 Nat)) (=> (>= _uniq.2243 0) (>= (|Nat.max'| _uniq.2242 _uniq.2243) 0))))))
(declare-const y Nat)
(assert (>= y 0))
(assert (not (and (<= x (|Nat.max'| x y)) (<= y (|Nat.max'| x y)))))
(check-sat)
goal: x ≤ x.max' y ∧ y ≤ x.max' y

query:
(define-sort Nat () Int)
(define-fun |Nat.max'| ((x Nat) (y Nat)) Nat (ite (<= x y) y x))
(assert (forall ((_uniq.4763 Nat)) (=> (>= _uniq.4763 0) (forall ((_uniq.4764 Nat)) (=> (>= _uniq.4764 0) (>= (|Nat.max'| _uniq.4763 _uniq.4764) 0))))))
(declare-const x Nat)
(assert (>= x 0))
(declare-const y Nat)
(assert (>= y 0))
(assert (not (and (<= x (|Nat.max'| x y)) (<= y (|Nat.max'| x y)))))
(check-sat)
