Test/Nat/Sum'.lean:7:12: error: [arithPolyNorm]: could not prove 0 + sum 0 = sum 0
goal: sum (Nat.succ n) = Nat.succ n * (Nat.succ n + 1) / 2

query:
(define-sort Nat () Int)
(declare-const n Nat)
(assert (>= n 0))
(define-fun-rec sum ((n Nat)) Nat (ite (= n 0) 0 (+ n (sum (ite (<= 1 n) (- n 1) 0)))))
(assert (forall ((_uniq.22118 Nat)) (=> (>= _uniq.22118 0) (>= (sum _uniq.22118) 0))))
(assert (= (sum n) (div (* n (+ n 1)) 2)))
(assert (distinct (sum (+ n 1)) (div (* (+ n 1) (+ (+ n 1) 1)) 2)))
(check-sat)
